======================================================================
全面业务招待费审核报告 — 批次: 测试批次
======================================================================

【批次信息】
  文档数: 7

【总体判定】存在高风险
发现问题: 3 条
分级: 高: 3

--- [校对规则] 3 个问题 ---
  [高] 日期一致性: 发票开票日期(2026-02-10)晚于招待日期(2026-02-08)
   依据: 校对规则 规则2
  [高] 招待标准合规性: 外部招待陪同人数(6)超过标准(3)
   依据: 校对规则 规则3
  [高] 支付凭证一致性: 交易日期不一致: 支付凭证「2026-02-08」vs 支付证明「2026-02-10」
   依据: 校对规则 规则5

【字段对比表】

  ┌─ [发票] 发票.pdf
  │
  │ 发票金额(大写): 捌佰叁拾贰圆整
  │ 发票金额(小写): 832.00
  │ 开票日期: 2026-02-10
  └─

  ┌─ [审批单] 业务招待审批单.jpg
  │
  │ 审批金额: 832.00
  │ 招待日期: 2026-02-08
  │ 招待人数: 3
  │ 陪同人数: 6
  │ 人均费用: 138.67
  │ 招待类型: 外事商务
  │ 是否工作餐: 否
  │ 招待对象: 清远深海领鲜餐饮管理有限公司
  └─

  ┌─ [支付凭证] 支付凭证.jpg
  │
  │ 支付凭证金额: 832.00
  │ 支付日期: 2026-02-08
  │ 交易单号: TXN20260210001
  │ 商户单号: MCH20260210001
  │ 商户全称: 清远深海领鲜餐饮管理有限公司
  └─

  ┌─ [支付证明] 支付证明.pdf
  │
  │ 支付证明金额: 832.00
  │ 交易日期: 2026-02-10
  │ 交易单号: TXN20260210001
  │ 商户单号: MCH20260210001
  │ 商户全称: 清远深海领鲜餐饮管理有限公司
  └─

  ┌─ [报账单] 业务招待费报账单.pdf
  │
  │ 发票金额(小写): 832.00
  │ 报账金额: 832.00
  └─

  ┌─ [经营状态] 招待单位经营状态.PNG
  │
  │ 商户全称: 清远深海领鲜餐饮管理有限公司
  │ 招待对象: 清远深海领鲜餐饮管理有限公司
  └─

  ┌─ [活动函件] 活动函件.pdf
  │
  │ 活动日期: 2026-02-09
  └─

======================================================================